I'm sorry, but errors were detected in your script. Please correct the
errors listed below, and try again.


File "game/script.rpy", line 13: expected statement.
    paus
        ^

Ren'Py Version: Ren'Py 7.4.11.2266
Thu Nov 10 19:28:38 2022
